C:\Users\raiko\OneDrive\Desktop\26\OCR\app\core\llm_client.py:1: FutureWarning: 

All support for the `google.generativeai` package has ended. It will no longer be receiving 
updates or bug fixes. Please switch to the `google.genai` package as soon as possible.
See README for more details:

https://github.com/google-gemini/deprecated-generative-ai-python/blob/main/README.md

  import google.generativeai as genai
============================================================
🧪 Testing Gemini OCR Integration
============================================================
✅ LLM Client initialized with model: gemini-1.5-flash
✅ Engine Initialized

🔄 Testing Path-based OCR: test.jpg
🔍 Gemini OCR Processing: test.jpg
❌ LLM Generation Error: 404 models/gemini-1.5-flash is not found for API version v1beta, or is not supported for generateContent. Call ListModels to see the list of available models and their supported methods.
⚠️ Gemini returned no response.
❌ Path-based OCR Failed

🔄 Testing Image-based OCR (PIL Object)
🔍 Gemini OCR Processing: In-memory Image
❌ LLM Generation Error: 404 models/gemini-1.5-flash is not found for API version v1beta, or is not supported for generateContent. Call ListModels to see the list of available models and their supported methods.
⚠️ Gemini returned no response.
❌ Image-based OCR Failed
